Application     C:\Users\jtillett\AppData\Local\Temp\CSExpRun11676.bch
Type            BATCH
Input Data      C:\Users\jtillett\Desktop\HES123\Christian.idx
<File Name  >   CSPRO_EXPORT_FILE_VAR_F=

Date            Feb 10, 2017
Start Time      14:06:28
End Time        14:06:28

CSPRO Process Summary
          +-----------------------------------------------------+
          |      56 Records Read ( 100% of input file)          |
          |       0 Ignored (       0 unknown,        0 erased) |
          |       0 Messages (       0 U,       0 W,       0 E) |
          +---------+--------------+--------------+-------------+
          |  Level  |  Input Case  |  Bad Struct  |  Level Post |
          +---------+--------------+--------------+-------------+
          |     1   |          2   |          0   |          2  |
          +---------+--------------+--------------+-------------+                                                     
                                                                                
                                                                                
                                                                                

Process Messages

CSPRO Executor Normal End
--------------------------------------------------------------------------------
